     1                                  ;  Executable name : hexdump1
     2                                  ;  Version         : 1.0
     3                                  ;  Created date    : 4/4/2009
     4                                  ;  Last update     : 4/4/2009
     5                                  ;  Author          : Jeff Duntemann
     6                                  ;  Description     : A simple program in assembly for Linux, using NASM 2.05,
     7                                  ;    demonstrating the conversion of binary values to hexadecimal strings.
     8                                  ;    It acts as a very simple hex dump utility for files, though without the
     9                                  ;    ASCII equivalent column.
    10                                  ;
    11                                  ;  Run it this way:
    12                                  ;    hexdump1 < (input file)  
    13                                  ;
    14                                  ;  Build using these commands:
    15                                  ;    nasm -f elf64 -g -F dwarf hexdump1.asm -l hexdump1.lst
    16                                  ;    ld -g -o hexdump1 hexdump1.o
    17                                  ;
    18                                  SECTION .bss			; Section containing uninitialized data
    19                                  
    20                                  	BUFFLEN	equ 16		; We read the file 16 bytes at a time
    21 00000000 <res 00000010>          	Buff: 	resb BUFFLEN	; Text buffer itself
    22                                  	
    23                                  SECTION .data			; Section containing initialised data
    24                                  
    25 00000000 203030203030203030-     	HexStr:	db " 00 00 00 00 00 00 00 00 00 00 00 00 00 00 00 00",10
    25 00000009 203030203030203030-
    25 00000012 203030203030203030-
    25 0000001B 203030203030203030-
    25 00000024 203030203030203030-
    25 0000002D 2030300A           
    26                                  	HEXLEN equ $-HexStr
    27                                  
    28 00000031 303132333435363738-     	Digits:	db "0123456789ABCDEF"
    28 0000003A 39414243444546     
    29                                  		
    30                                  SECTION .text			; Section containing code
    31                                  
    32                                  global 	_start			; Linker needs this to find the entry point!
    33                                  	
    34                                  _start:
    35 00000000 90                      	nop			; This no-op keeps gdb happy...
    36                                  
    37                                  ; Read a buffer full of text from stdin:
    38                                  Read:
    39                                  
    40 00000001 B800000000              	mov rax,0		; Specify sys_read call
    41 00000006 BF00000000              	mov rdi,0		; Specify File Descriptor 0: Standard Input
    42 0000000B 48BE-                   	mov rsi,Buff		; Pass offset of the buffer to read to
    42 0000000D [0000000000000000] 
    43 00000015 BA10000000              	mov rdx,BUFFLEN		; Pass number of bytes to read at one pass
    44 0000001A 0F05                    	syscall			; Call sys_read to fill the buffer
    45                                  
    46                                  
    47 0000001C 4989C3                  	mov r11,rax		; Copy sys_read return value for safekeeping
    48 0000001F 4883F800                	cmp rax,0		; If eax=0, sys_read reached EOF on stdin
    49 00000023 7462                    	je Done			; Jump If Equal (to 0, from compare)
    50                                  
    51                                  
    52                                  
    53                                  ; Set up the registers for the process buffer step:
    54 00000025 48BF-                   	mov rdi,HexStr		; Place address of line string into rdi
    54 00000027 [0000000000000000] 
    55 0000002F 4831C9                  	xor rcx,rcx		; Clear line string pointer to 0
    56                                  ; Go through the buffer and convert binary values to hex digits:
    57                                  Scan:
    58 00000032 4831C0                  	xor rax,rax		; Clear eax to 0
    59                                  ; Here we calculate the offset into HexStr, which is the value in rcx X 3
    60 00000035 4889CA                  	mov rdx,rcx
    61 00000038 488D1449                	lea rdx, [rcx*3]
    62                                  
    63                                  ; Copy the character counter into edx
    64                                  	
    65                                  
    66                                  ; Get a character from the buffer and put it in both eax and ebx:
    67 0000003C 8A040E                  	mov al, byte [rsi+rcx]	; Put a byte from the input buffer into al
    68 0000003F 4889C3                  	mov rbx,rax		; Duplicate the byte in bl for second nybble
    69                                  
    70                                  ; Look up low nybble character and insert it into the string:
    71 00000042 240F                    	and al,0Fh		   ; Mask out all but the low nybble
    72 00000044 8A80[31000000]          	mov al,byte [Digits+rax]   ; Look up the char equivalent of nybble
    73 0000004A 8882[02000000]          	mov byte [HexStr+rdx+2],al ; Write the char equivalent to line string
    74                                  
    75                                  ; Look up high nybble character and insert it into the string:
    76 00000050 C0EB04                  	shr bl,4		; Shift high 4 bits of char into low 4 bits
    77 00000053 8A9B[31000000]          	mov bl,byte [Digits+rbx] ; Look up char equivalent of nybble
    78 00000059 889A[01000000]          	mov byte [HexStr+rdx+1],bl ; Write the char equivalent to line string
    79                                  
    80                                  ; Bump the buffer pointer to the next character and see if we're done:
    81 0000005F 48FFC1                  	inc rcx		; Increment line string pointer
    82 00000062 4C39D9                  	cmp rcx,r11	; Compare to the number of characters in the buffer
    83 00000065 76CB                    	jna Scan	; Loop back if ecx is <= number of chars in buffer
    84                                  
    85                                  								; Write the line of hexadecimal values to stdout:
    86                                  Write:	
    87 00000067 B801000000              	mov rax,1		; Specify sys_write call
    88 0000006C BF01000000              	mov rdi,1		; Specify File Descriptor 1: Standard output
    89 00000071 48BE-                   	mov rsi,HexStr		; Pass offset of line string
    89 00000073 [0000000000000000] 
    90 0000007B BA31000000              	mov rdx,HEXLEN		; Pass size of the line string
    91 00000080 0F05                    	syscall
    92                                  								; Make kernel call to display line string
    93 00000082 E97AFFFFFF              	jmp Read		; Loop back and load file buffer again
    94                                  
    95                                  ; All done! Let's end this party:
    96                                  Done:
    97 00000087 B83C000000              	mov rax,60		; Code for Exit Syscall
    98 0000008C BF00000000              	mov rdi,0		; Return a code of zero	
    99 00000091 0F05                    	syscall			; Make kernel call
